// Jest Snapshot v1, https://goo.gl/fbAQLP

exports[`renders Artist Detail Card component 1`] = `
<div>
  <div
    class="ant-card ant-card-bordered"
    style="width: 500px; margin: 10px;"
  >
    <div
      class="ant-card-body"
    >
      <div
        class="artistDetailCard"
      >
        <div
          class="artistDetailCardImage"
        >
          <span
            style="box-sizing: border-box; display: inline-block; overflow: hidden; background: none; opacity: 1; border: 0px; margin: 0px; padding: 0px; position: relative; max-width: 100%;"
          >
            <span
              style="box-sizing: border-box; display: block; background: none; opacity: 1; border: 0px; margin: 0px; padding: 0px; max-width: 100%;"
            >
              <img
                alt=""
                aria-hidden="true"
                src="data:image/svg+xml,%3csvg%20xmlns=%27http://www.w3.org/2000/svg%27%20version=%271.1%27%20width=%27100%27%20height=%27100%27/%3e"
                style="display: block; max-width: 100%; background: none; opacity: 1; border: 0px; margin: 0px; padding: 0px;"
              />
            </span>
            <img
              alt="test"
              data-nimg="intrinsic"
              decoding="async"
              src="data:image/gif;base64,R0lGODlhAQABAIAAAAAAAP///yH5BAEAAAAALAAAAAABAAEAAAIBRAA7"
              style="position: absolute; top: 0px; left: 0px; bottom: 0px; right: 0px; box-sizing: border-box; padding: 0px; margin: auto; display: block; width: 0px; height: 0px; min-width: 100%; max-width: 100%; min-height: 100%; max-height: 100%;"
            />
            <noscript />
          </span>
        </div>
        <div
          class="artistDetailCardContent"
        >
          <div>
            <div>
              test
            </div>
            <div
              class="artistName"
            >
              <a
                href="/artist/test"
              >
                test
              </a>
            </div>
          </div>
          <div>
            <div>
              Listeners: 
              6000
            </div>
            <div>
              Play count: 
              5000
            </div>
          </div>
        </div>
      </div>
    </div>
  </div>
</div>
`;
